// Vitest Snapshot v1, https://vitest.dev/guide/snapshot.html

exports[`<Navigation /> Tests > should match snapshot 1`] = `
<div>
  <nav
    class="flex flex-wrap gap-3 justify-center mb-10"
  />
</div>
`;
